===== Job information =====
Dataset: pbmc3k
Node: bignode2.priv.bmi.emory.edu
Start time: Wed Sep 16 08:30:51 EDT 2026
Working directory: /home/lzha664/bmi500_hw2
===========================
[timing] imports: 3.790 s
scanpy==1.10.2 anndata==0.12.19 umap==0.5.12 numpy==1.26.4 scipy==1.17.1 pandas==2.3.3 scikit-learn==1.9.1 statsmodels==0.15.0 igraph==0.11.6 louvain==0.8.2 pynndescent==0.6.0
using 1 threads
[timing] scanpy settings: 7.456 s
[timing] argument parsing: 0.001 s
[timing] I/O: 0.158 s
[timing] filtering: 0.059 s
[timing] normalization: 0.058 s
[timing] highly variable genes: 0.064 s
[timing] scale: 0.042 s
[timing] PCA: 0.351 s
[timing] neighbors: 4.191 s
[timing] louvain clustering: 0.143 s
[timing] UMAP: 8.291 s
[timing] write h5ad: 0.156 s
[timing] rank_genes_groups: 1.758 s
[cProfile] saved to pbmc3k_rank_genes_groups.prof

=== elapsed time per section ===
   3.790 s  imports
   7.456 s  scanpy settings
   0.001 s  argument parsing
   0.158 s  I/O
   0.059 s  filtering
   0.058 s  normalization
   0.064 s  highly variable genes
   0.042 s  scale
   0.351 s  PCA
   4.191 s  neighbors
   0.143 s  louvain clustering
   8.291 s  UMAP
   0.156 s  write h5ad
   1.758 s  rank_genes_groups
  26.516 s  TOTAL (instrumented sections)
End time: Wed Sep 16 08:31:18 EDT 2026
